SET client_min_messages TO WARNING;
\set ECHO none
