-- Check current pgsphere version
SELECT pg_sphere_version();
 pg_sphere_version 
-------------------
 1.4.0
(1 row)

